// Jest Snapshot v1, https://goo.gl/fbAQLP

exports[`upload stdin to uss file command should display upload stdin to uss file help 1`] = `
"================z/OS FTP UPLOAD STDIN-TO-USS-FILE HELP ===============

 COMMAND NAME
 ------------

   stdin-to-uss-file | stuf

 DESCRIPTION
 -----------

   Upload from stdin to a Unix System Services File

 USAGE
 -----

   bright zos-ftp upload stdin-to-uss-file <ussFile> [options]

 POSITIONAL ARGUMENTS
 --------------------

   ussFile		 (string)

      The USS file to which you would like to upload content.

 OPTIONS
 -------

   --binary  | -b (boolean)

      Upload content in binary mode.

 PROFILE OPTIONS
 ---------------

   --zftp-profile  | --zftp-p (string)

      The name of a (zftp) profile to load for this command execution.

 GLOBAL OPTIONS
 --------------

   --response-format-json  | --rfj (boolean)

      Produce JSON formatted data from a command

   --help  | -h (boolean)

      Display help text


 EXAMPLES
 --------

   - Upload to \\"/u/users/ibmuser/iefbr14.txt\\" from the file
   iefbr14.txt:

      $ bright zos-ftp upload stdin-to-uss-file \\"/u/users/ibmuser/iefbr14.txt\\" --file iefbr14.txt

   - Upload to \\"/u/users/ibmuser/myjava.jar\\" from standard input
   (you can pipe into this command:

      $ bright zos-ftp upload stdin-to-uss-file \\"/u/users/ibmuser/myjava.jar\\" --stdin -b

================z/OS FTP UPLOAD STDIN-TO-USS-FILE HELP WITH RFJ===========
{
  \\"success\\": true,
  \\"message\\": \\"The help was constructed for command: stdin-to-uss-file.\\",
  \\"stdout\\": \\"\\\\n COMMAND NAME\\\\n ------------\\\\n\\\\n   stdin-to-uss-file | stuf\\\\n\\\\n DESCRIPTION\\\\n -----------\\\\n\\\\n   Upload from stdin to a Unix System Services File\\\\n\\\\n USAGE\\\\n -----\\\\n\\\\n   bright zos-ftp upload stdin-to-uss-file <ussFile> [options]\\\\n\\\\n POSITIONAL ARGUMENTS\\\\n --------------------\\\\n\\\\n   ussFile\\\\t\\\\t (string)\\\\n\\\\n      The USS file to which you would like to upload content.\\\\n\\\\n OPTIONS\\\\n -------\\\\n\\\\n   --binary  | -b (boolean)\\\\n\\\\n      Upload content in binary mode.\\\\n\\\\n PROFILE OPTIONS\\\\n ---------------\\\\n\\\\n   --zftp-profile  | --zftp-p (string)\\\\n\\\\n      The name of a (zftp) profile to load for this command execution.\\\\n\\\\n GLOBAL OPTIONS\\\\n --------------\\\\n\\\\n   --response-format-json  | --rfj (boolean)\\\\n\\\\n      Produce JSON formatted data from a command\\\\n\\\\n   --help  | -h (boolean)\\\\n\\\\n      Display help text\\\\n\\\\n\\\\n EXAMPLES\\\\n --------\\\\n\\\\n   - Upload to \\\\\\"/u/users/ibmuser/iefbr14.txt\\\\\\" from the file\\\\n   iefbr14.txt:\\\\n\\\\n      $ bright zos-ftp upload stdin-to-uss-file \\\\\\"/u/users/ibmuser/iefbr14.txt\\\\\\" --file iefbr14.txt\\\\n\\\\n   - Upload to \\\\\\"/u/users/ibmuser/myjava.jar\\\\\\" from standard input\\\\n   (you can pipe into this command:\\\\n\\\\n      $ bright zos-ftp upload stdin-to-uss-file \\\\\\"/u/users/ibmuser/myjava.jar\\\\\\" --stdin -b\\\\n\\\\n\\",
  \\"stderr\\": \\"\\",
  \\"data\\": \\"\\\\n COMMAND NAME\\\\n ------------\\\\n\\\\n   stdin-to-uss-file | stuf\\\\n\\\\n DESCRIPTION\\\\n -----------\\\\n\\\\n   Upload from stdin to a Unix System Services File\\\\n\\\\n USAGE\\\\n -----\\\\n\\\\n   bright zos-ftp upload stdin-to-uss-file <ussFile> [options]\\\\n\\\\n POSITIONAL ARGUMENTS\\\\n --------------------\\\\n\\\\n   ussFile\\\\t\\\\t (string)\\\\n\\\\n      The USS file to which you would like to upload content.\\\\n\\\\n OPTIONS\\\\n -------\\\\n\\\\n   --binary  | -b (boolean)\\\\n\\\\n      Upload content in binary mode.\\\\n\\\\n PROFILE OPTIONS\\\\n ---------------\\\\n\\\\n   --zftp-profile  | --zftp-p (string)\\\\n\\\\n      The name of a (zftp) profile to load for this command execution.\\\\n\\\\n GLOBAL OPTIONS\\\\n --------------\\\\n\\\\n   --response-format-json  | --rfj (boolean)\\\\n\\\\n      Produce JSON formatted data from a command\\\\n\\\\n   --help  | -h (boolean)\\\\n\\\\n      Display help text\\\\n\\\\n\\\\n EXAMPLES\\\\n --------\\\\n\\\\n   - Upload to \\\\\\"/u/users/ibmuser/iefbr14.txt\\\\\\" from the file\\\\n   iefbr14.txt:\\\\n\\\\n      $ bright zos-ftp upload stdin-to-uss-file \\\\\\"/u/users/ibmuser/iefbr14.txt\\\\\\" --file iefbr14.txt\\\\n\\\\n   - Upload to \\\\\\"/u/users/ibmuser/myjava.jar\\\\\\" from standard input\\\\n   (you can pipe into this command:\\\\n\\\\n      $ bright zos-ftp upload stdin-to-uss-file \\\\\\"/u/users/ibmuser/myjava.jar\\\\\\" --stdin -b\\\\n\\\\n\\"
}"
`;
