// Jest Snapshot v1, https://goo.gl/fbAQLP

exports[`submit job from data set command should display submit job from data set help 1`] = `
"================z/OS VIEW SUBMIT DATA-SET HELP===============

 COMMAND NAME
 ------------

   data-set | ds

 DESCRIPTION
 -----------

   Submit a job from a cataloged data set containing JCL. The JCL will be
   downloaded via FTP and then submitted.

 USAGE
 -----

   bright zos-ftp submit data-set <dataSet> [options]

 POSITIONAL ARGUMENTS
 --------------------

   dataSet		 (string)

      The data set containing JCL that you would like to submit

 PROFILE OPTIONS
 ---------------

   --zftp-profile  | --zftp-p (string)

      The name of a (zftp) profile to load for this command execution.

 RESPONSE FORMAT OPTIONS
 -----------------------

   --response-format-filter  | --rff (array)

      Filter (include) fields in the response. Accepts an array of field/property
      names to include in the output response. You can filter JSON objects properties
      OR table columns/fields. In addition, you can use this option in conjunction
      with '--response-format-type' to reduce the output of a command to a single
      field/property or a list of a single field/property.

   --response-format-type  | --rft (string)

      The command response output format type. Must be one of the following:

      table: Formats output data as a table. Use this option when the output data is
      an array of homogeneous JSON objects. Each property of the object will become a
      column in the table.

      list: Formats output data as a list of strings. Can be used on any data type
      (JSON objects/arrays) are stringified and a new line is added after each entry
      in an array.

      object: Formats output data as a list of prettified objects (or single object).
      Can be used in place of \\"table\\" to change from tabular output to a list of
      prettified objects.

      string: Formats output data as a string. JSON objects/arrays are stringified.

      Allowed values: table, list, object, string

   --response-format-header  | --rfh (boolean)

      If \\"--response-format-type table\\" is specified, include the column headers in
      the output.

 GLOBAL OPTIONS
 --------------

   --response-format-json  | --rfj (boolean)

      Produce JSON formatted data from a command

   --help  | -h (boolean)

      Display help text


 EXAMPLES
 --------

   - Submit a job residing in the data set
   \\"ibmuser.cntl(iefbr14)\\":

      $ bright zos-ftp submit data-set \\"ibmuser.cntl(iefbr14)\\"

   - Submit a job from the data set \\"ibmuser.cntl(iefbr14)\\" and
   print only the job ID:

      $ bright zos-ftp submit data-set \\"ibmuser.cntl(iefbr14)\\" --rff jobid --rft string

================z/OS FTP SUBMIT DATA-SET HELP WITH RFJ===========
{
  \\"success\\": true,
  \\"message\\": \\"The help was constructed for command: data-set.\\",
  \\"stdout\\": \\"\\\\n COMMAND NAME\\\\n ------------\\\\n\\\\n   data-set | ds\\\\n\\\\n DESCRIPTION\\\\n -----------\\\\n\\\\n   Submit a job from a cataloged data set containing JCL. The JCL will be\\\\n   downloaded via FTP and then submitted.\\\\n\\\\n USAGE\\\\n -----\\\\n\\\\n   bright zos-ftp submit data-set <dataSet> [options]\\\\n\\\\n POSITIONAL ARGUMENTS\\\\n --------------------\\\\n\\\\n   dataSet\\\\t\\\\t (string)\\\\n\\\\n      The data set containing JCL that you would like to submit\\\\n\\\\n PROFILE OPTIONS\\\\n ---------------\\\\n\\\\n   --zftp-profile  | --zftp-p (string)\\\\n\\\\n      The name of a (zftp) profile to load for this command execution.\\\\n\\\\n RESPONSE FORMAT OPTIONS\\\\n -----------------------\\\\n\\\\n   --response-format-filter  | --rff (array)\\\\n\\\\n      Filter (include) fields in the response. Accepts an array of field/property\\\\n      names to include in the output response. You can filter JSON objects properties\\\\n      OR table columns/fields. In addition, you can use this option in conjunction\\\\n      with '--response-format-type' to reduce the output of a command to a single\\\\n      field/property or a list of a single field/property.\\\\n\\\\n   --response-format-type  | --rft (string)\\\\n\\\\n      The command response output format type. Must be one of the following:\\\\n\\\\n      table: Formats output data as a table. Use this option when the output data is\\\\n      an array of homogeneous JSON objects. Each property of the object will become a\\\\n      column in the table.\\\\n\\\\n      list: Formats output data as a list of strings. Can be used on any data type\\\\n      (JSON objects/arrays) are stringified and a new line is added after each entry\\\\n      in an array.\\\\n\\\\n      object: Formats output data as a list of prettified objects (or single object).\\\\n      Can be used in place of \\\\\\"table\\\\\\" to change from tabular output to a list of\\\\n      prettified objects.\\\\n\\\\n      string: Formats output data as a string. JSON objects/arrays are stringified.\\\\n\\\\n      Allowed values: table, list, object, string\\\\n\\\\n   --response-format-header  | --rfh (boolean)\\\\n\\\\n      If \\\\\\"--response-format-type table\\\\\\" is specified, include the column headers in\\\\n      the output.\\\\n\\\\n GLOBAL OPTIONS\\\\n --------------\\\\n\\\\n   --response-format-json  | --rfj (boolean)\\\\n\\\\n      Produce JSON formatted data from a command\\\\n\\\\n   --help  | -h (boolean)\\\\n\\\\n      Display help text\\\\n\\\\n\\\\n EXAMPLES\\\\n --------\\\\n\\\\n   - Submit a job residing in the data set\\\\n   \\\\\\"ibmuser.cntl(iefbr14)\\\\\\":\\\\n\\\\n      $ bright zos-ftp submit data-set \\\\\\"ibmuser.cntl(iefbr14)\\\\\\"\\\\n\\\\n   - Submit a job from the data set \\\\\\"ibmuser.cntl(iefbr14)\\\\\\" and\\\\n   print only the job ID:\\\\n\\\\n      $ bright zos-ftp submit data-set \\\\\\"ibmuser.cntl(iefbr14)\\\\\\" --rff jobid --rft string\\\\n\\\\n\\",
  \\"stderr\\": \\"\\",
  \\"data\\": \\"\\\\n COMMAND NAME\\\\n ------------\\\\n\\\\n   data-set | ds\\\\n\\\\n DESCRIPTION\\\\n -----------\\\\n\\\\n   Submit a job from a cataloged data set containing JCL. The JCL will be\\\\n   downloaded via FTP and then submitted.\\\\n\\\\n USAGE\\\\n -----\\\\n\\\\n   bright zos-ftp submit data-set <dataSet> [options]\\\\n\\\\n POSITIONAL ARGUMENTS\\\\n --------------------\\\\n\\\\n   dataSet\\\\t\\\\t (string)\\\\n\\\\n      The data set containing JCL that you would like to submit\\\\n\\\\n PROFILE OPTIONS\\\\n ---------------\\\\n\\\\n   --zftp-profile  | --zftp-p (string)\\\\n\\\\n      The name of a (zftp) profile to load for this command execution.\\\\n\\\\n RESPONSE FORMAT OPTIONS\\\\n -----------------------\\\\n\\\\n   --response-format-filter  | --rff (array)\\\\n\\\\n      Filter (include) fields in the response. Accepts an array of field/property\\\\n      names to include in the output response. You can filter JSON objects properties\\\\n      OR table columns/fields. In addition, you can use this option in conjunction\\\\n      with '--response-format-type' to reduce the output of a command to a single\\\\n      field/property or a list of a single field/property.\\\\n\\\\n   --response-format-type  | --rft (string)\\\\n\\\\n      The command response output format type. Must be one of the following:\\\\n\\\\n      table: Formats output data as a table. Use this option when the output data is\\\\n      an array of homogeneous JSON objects. Each property of the object will become a\\\\n      column in the table.\\\\n\\\\n      list: Formats output data as a list of strings. Can be used on any data type\\\\n      (JSON objects/arrays) are stringified and a new line is added after each entry\\\\n      in an array.\\\\n\\\\n      object: Formats output data as a list of prettified objects (or single object).\\\\n      Can be used in place of \\\\\\"table\\\\\\" to change from tabular output to a list of\\\\n      prettified objects.\\\\n\\\\n      string: Formats output data as a string. JSON objects/arrays are stringified.\\\\n\\\\n      Allowed values: table, list, object, string\\\\n\\\\n   --response-format-header  | --rfh (boolean)\\\\n\\\\n      If \\\\\\"--response-format-type table\\\\\\" is specified, include the column headers in\\\\n      the output.\\\\n\\\\n GLOBAL OPTIONS\\\\n --------------\\\\n\\\\n   --response-format-json  | --rfj (boolean)\\\\n\\\\n      Produce JSON formatted data from a command\\\\n\\\\n   --help  | -h (boolean)\\\\n\\\\n      Display help text\\\\n\\\\n\\\\n EXAMPLES\\\\n --------\\\\n\\\\n   - Submit a job residing in the data set\\\\n   \\\\\\"ibmuser.cntl(iefbr14)\\\\\\":\\\\n\\\\n      $ bright zos-ftp submit data-set \\\\\\"ibmuser.cntl(iefbr14)\\\\\\"\\\\n\\\\n   - Submit a job from the data set \\\\\\"ibmuser.cntl(iefbr14)\\\\\\" and\\\\n   print only the job ID:\\\\n\\\\n      $ bright zos-ftp submit data-set \\\\\\"ibmuser.cntl(iefbr14)\\\\\\" --rff jobid --rft string\\\\n\\\\n\\"
}"
`;
