// Jest Snapshot v1, https://goo.gl/fbAQLP

exports[`upload file to data set command should display upload file to data set help 1`] = `
"================z/OS FTP UPLOAD FILE-TO-DATA-SET ===============

 COMMAND NAME
 ------------

   file-to-data-set | ftds

 DESCRIPTION
 -----------

   Upload contents of a local file to a z/OS data set

 USAGE
 -----

   bright zos-ftp upload file-to-data-set <file> <dataSet> [options]

 POSITIONAL ARGUMENTS
 --------------------

   file		 (local file path)

      Upload the contents of this file to the data set

   dataSet		 (string)

      The data set (PDS member or physical sequential data set) to which you would
      like to upload content.

 OPTIONS
 -------

   --binary  | -b (boolean)

      Upload content in binary mode.

 PROFILE OPTIONS
 ---------------

   --zftp-profile  | --zftp-p (string)

      The name of a (zftp) profile to load for this command execution.

 GLOBAL OPTIONS
 --------------

   --response-format-json  | --rfj (boolean)

      Produce JSON formatted data from a command

   --help  | -h (boolean)

      Display help text


 EXAMPLES
 --------

   - Upload \\"ibmuser.cntl(iefbr14)\\" from the file iefbr14.txt:

      $ bright zos-ftp upload file-to-data-set \\"ibmuser.cntl(iefbr14)\\" --file iefbr14.txt

================z/OS FTP UPLOAD FILE-TO-DATA-SET ===========
{
  \\"success\\": true,
  \\"message\\": \\"The help was constructed for command: file-to-data-set.\\",
  \\"stdout\\": \\"\\\\n COMMAND NAME\\\\n ------------\\\\n\\\\n   file-to-data-set | ftds\\\\n\\\\n DESCRIPTION\\\\n -----------\\\\n\\\\n   Upload contents of a local file to a z/OS data set\\\\n\\\\n USAGE\\\\n -----\\\\n\\\\n   bright zos-ftp upload file-to-data-set <file> <dataSet> [options]\\\\n\\\\n POSITIONAL ARGUMENTS\\\\n --------------------\\\\n\\\\n   file\\\\t\\\\t (local file path)\\\\n\\\\n      Upload the contents of this file to the data set\\\\n\\\\n   dataSet\\\\t\\\\t (string)\\\\n\\\\n      The data set (PDS member or physical sequential data set) to which you would\\\\n      like to upload content.\\\\n\\\\n OPTIONS\\\\n -------\\\\n\\\\n   --binary  | -b (boolean)\\\\n\\\\n      Upload content in binary mode.\\\\n\\\\n PROFILE OPTIONS\\\\n ---------------\\\\n\\\\n   --zftp-profile  | --zftp-p (string)\\\\n\\\\n      The name of a (zftp) profile to load for this command execution.\\\\n\\\\n GLOBAL OPTIONS\\\\n --------------\\\\n\\\\n   --response-format-json  | --rfj (boolean)\\\\n\\\\n      Produce JSON formatted data from a command\\\\n\\\\n   --help  | -h (boolean)\\\\n\\\\n      Display help text\\\\n\\\\n\\\\n EXAMPLES\\\\n --------\\\\n\\\\n   - Upload \\\\\\"ibmuser.cntl(iefbr14)\\\\\\" from the file iefbr14.txt:\\\\n\\\\n      $ bright zos-ftp upload file-to-data-set \\\\\\"ibmuser.cntl(iefbr14)\\\\\\" --file iefbr14.txt\\\\n\\\\n\\",
  \\"stderr\\": \\"\\",
  \\"data\\": \\"\\\\n COMMAND NAME\\\\n ------------\\\\n\\\\n   file-to-data-set | ftds\\\\n\\\\n DESCRIPTION\\\\n -----------\\\\n\\\\n   Upload contents of a local file to a z/OS data set\\\\n\\\\n USAGE\\\\n -----\\\\n\\\\n   bright zos-ftp upload file-to-data-set <file> <dataSet> [options]\\\\n\\\\n POSITIONAL ARGUMENTS\\\\n --------------------\\\\n\\\\n   file\\\\t\\\\t (local file path)\\\\n\\\\n      Upload the contents of this file to the data set\\\\n\\\\n   dataSet\\\\t\\\\t (string)\\\\n\\\\n      The data set (PDS member or physical sequential data set) to which you would\\\\n      like to upload content.\\\\n\\\\n OPTIONS\\\\n -------\\\\n\\\\n   --binary  | -b (boolean)\\\\n\\\\n      Upload content in binary mode.\\\\n\\\\n PROFILE OPTIONS\\\\n ---------------\\\\n\\\\n   --zftp-profile  | --zftp-p (string)\\\\n\\\\n      The name of a (zftp) profile to load for this command execution.\\\\n\\\\n GLOBAL OPTIONS\\\\n --------------\\\\n\\\\n   --response-format-json  | --rfj (boolean)\\\\n\\\\n      Produce JSON formatted data from a command\\\\n\\\\n   --help  | -h (boolean)\\\\n\\\\n      Display help text\\\\n\\\\n\\\\n EXAMPLES\\\\n --------\\\\n\\\\n   - Upload \\\\\\"ibmuser.cntl(iefbr14)\\\\\\" from the file iefbr14.txt:\\\\n\\\\n      $ bright zos-ftp upload file-to-data-set \\\\\\"ibmuser.cntl(iefbr14)\\\\\\" --file iefbr14.txt\\\\n\\\\n\\"
}"
`;
