// Jest Snapshot v1, https://goo.gl/fbAQLP

exports[`view uss file command should display view uss file help 1`] = `
"================z/OS FTP VIEW USS-FILE HELP ===============

 COMMAND NAME
 ------------

   uss-file | uss

 DESCRIPTION
 -----------

   View the contents of a Unix System Services File

 USAGE
 -----

   bright zos-ftp view uss-file <ussFile> [options]

 POSITIONAL ARGUMENTS
 --------------------

   ussFile		 (string)

      The USS file you'd like to view the contents of.

 OPTIONS
 -------

   --binary  | -b (boolean)

      View content in binary form without converting to ASCII text

 PROFILE OPTIONS
 ---------------

   --zftp-profile  | --zftp-p (string)

      The name of a (zftp) profile to load for this command execution.

 GLOBAL OPTIONS
 --------------

   --response-format-json  | --rfj (boolean)

      Produce JSON formatted data from a command

   --help  | -h (boolean)

      Display help text


 EXAMPLES
 --------

   - View the content of the USS file
   \\"/u/users/ibmuser/myfile.txt\\":

      $ bright zos-ftp view uss-file \\"/u/users/ibmuser/myfile.txt\\"

   - View the content of the USS file
   \\"/u/users/ibmuser/myjava.jar\\" in binary mode and pipe it into the hex viewer
   command xxd:

      $ bright zos-ftp view uss-file \\"/u/users/ibmuser/myjava.jar\\" -b | xxd 

================z/OS FTP VIEW USS-FILE HELP WITH RFJ===========
{
  \\"success\\": true,
  \\"message\\": \\"The help was constructed for command: uss-file.\\",
  \\"stdout\\": \\"\\\\n COMMAND NAME\\\\n ------------\\\\n\\\\n   uss-file | uss\\\\n\\\\n DESCRIPTION\\\\n -----------\\\\n\\\\n   View the contents of a Unix System Services File\\\\n\\\\n USAGE\\\\n -----\\\\n\\\\n   bright zos-ftp view uss-file <ussFile> [options]\\\\n\\\\n POSITIONAL ARGUMENTS\\\\n --------------------\\\\n\\\\n   ussFile\\\\t\\\\t (string)\\\\n\\\\n      The USS file you'd like to view the contents of.\\\\n\\\\n OPTIONS\\\\n -------\\\\n\\\\n   --binary  | -b (boolean)\\\\n\\\\n      View content in binary form without converting to ASCII text\\\\n\\\\n PROFILE OPTIONS\\\\n ---------------\\\\n\\\\n   --zftp-profile  | --zftp-p (string)\\\\n\\\\n      The name of a (zftp) profile to load for this command execution.\\\\n\\\\n GLOBAL OPTIONS\\\\n --------------\\\\n\\\\n   --response-format-json  | --rfj (boolean)\\\\n\\\\n      Produce JSON formatted data from a command\\\\n\\\\n   --help  | -h (boolean)\\\\n\\\\n      Display help text\\\\n\\\\n\\\\n EXAMPLES\\\\n --------\\\\n\\\\n   - View the content of the USS file\\\\n   \\\\\\"/u/users/ibmuser/myfile.txt\\\\\\":\\\\n\\\\n      $ bright zos-ftp view uss-file \\\\\\"/u/users/ibmuser/myfile.txt\\\\\\"\\\\n\\\\n   - View the content of the USS file\\\\n   \\\\\\"/u/users/ibmuser/myjava.jar\\\\\\" in binary mode and pipe it into the hex viewer\\\\n   command xxd:\\\\n\\\\n      $ bright zos-ftp view uss-file \\\\\\"/u/users/ibmuser/myjava.jar\\\\\\" -b | xxd \\\\n\\\\n\\",
  \\"stderr\\": \\"\\",
  \\"data\\": \\"\\\\n COMMAND NAME\\\\n ------------\\\\n\\\\n   uss-file | uss\\\\n\\\\n DESCRIPTION\\\\n -----------\\\\n\\\\n   View the contents of a Unix System Services File\\\\n\\\\n USAGE\\\\n -----\\\\n\\\\n   bright zos-ftp view uss-file <ussFile> [options]\\\\n\\\\n POSITIONAL ARGUMENTS\\\\n --------------------\\\\n\\\\n   ussFile\\\\t\\\\t (string)\\\\n\\\\n      The USS file you'd like to view the contents of.\\\\n\\\\n OPTIONS\\\\n -------\\\\n\\\\n   --binary  | -b (boolean)\\\\n\\\\n      View content in binary form without converting to ASCII text\\\\n\\\\n PROFILE OPTIONS\\\\n ---------------\\\\n\\\\n   --zftp-profile  | --zftp-p (string)\\\\n\\\\n      The name of a (zftp) profile to load for this command execution.\\\\n\\\\n GLOBAL OPTIONS\\\\n --------------\\\\n\\\\n   --response-format-json  | --rfj (boolean)\\\\n\\\\n      Produce JSON formatted data from a command\\\\n\\\\n   --help  | -h (boolean)\\\\n\\\\n      Display help text\\\\n\\\\n\\\\n EXAMPLES\\\\n --------\\\\n\\\\n   - View the content of the USS file\\\\n   \\\\\\"/u/users/ibmuser/myfile.txt\\\\\\":\\\\n\\\\n      $ bright zos-ftp view uss-file \\\\\\"/u/users/ibmuser/myfile.txt\\\\\\"\\\\n\\\\n   - View the content of the USS file\\\\n   \\\\\\"/u/users/ibmuser/myjava.jar\\\\\\" in binary mode and pipe it into the hex viewer\\\\n   command xxd:\\\\n\\\\n      $ bright zos-ftp view uss-file \\\\\\"/u/users/ibmuser/myjava.jar\\\\\\" -b | xxd \\\\n\\\\n\\"
}"
`;
