// Jest Snapshot v1, https://goo.gl/fbAQLP

exports[`list data-set-classic ftp command should display list uss files help 1`] = `
"================z/OS FTP LIST USS-FILES HELP===============

 COMMAND NAME
 ------------

   uss-files | uss

 DESCRIPTION
 -----------

   List USS files and subdirectories in a directory.
   The following values can be used with the --response-format-filter (--rff)
   argument todisplay more data from the data sets:name, size, owner, group, and
   permissions

 USAGE
 -----

   bright zos-ftp list uss-files <directory> [options]

 POSITIONAL ARGUMENTS
 --------------------

   directory		 (string)

      The USS directory to list files in

 PROFILE OPTIONS
 ---------------

   --zftp-profile  | --zftp-p (string)

      The name of a (zftp) profile to load for this command execution.

 RESPONSE FORMAT OPTIONS
 -----------------------

   --response-format-filter  | --rff (array)

      Filter (include) fields in the response. Accepts an array of field/property
      names to include in the output response. You can filter JSON objects properties
      OR table columns/fields. In addition, you can use this option in conjunction
      with '--response-format-type' to reduce the output of a command to a single
      field/property or a list of a single field/property.

   --response-format-type  | --rft (string)

      The command response output format type. Must be one of the following:

      table: Formats output data as a table. Use this option when the output data is
      an array of homogeneous JSON objects. Each property of the object will become a
      column in the table.

      list: Formats output data as a list of strings. Can be used on any data type
      (JSON objects/arrays) are stringified and a new line is added after each entry
      in an array.

      object: Formats output data as a list of prettified objects (or single object).
      Can be used in place of \\"table\\" to change from tabular output to a list of
      prettified objects.

      string: Formats output data as a string. JSON objects/arrays are stringified.

      Allowed values: table, list, object, string

   --response-format-header  | --rfh (boolean)

      If \\"--response-format-type table\\" is specified, include the column headers in
      the output.

 GLOBAL OPTIONS
 --------------

   --response-format-json  | --rfj (boolean)

      Produce JSON formatted data from a command

   --help  | -h (boolean)

      Display help text


 EXAMPLES
 --------

   - List USS files in the directory \\"/u/users/ibmuser/\\":

      $ bright zos-ftp list uss-files \\"/u/users/ibmuser\\"

   - List USS files in the directory \\"/u/users/ibmuser/\\" and
   show only the file name:

      $ bright zos-ftp list uss-files \\"/u/users/ibmuser/\\" --rff name

================z/OS FTP LIST USS-FILES HELP WITH RFJ===========
{
  \\"success\\": true,
  \\"message\\": \\"The help was constructed for command: uss-files.\\",
  \\"stdout\\": \\"\\\\n COMMAND NAME\\\\n ------------\\\\n\\\\n   uss-files | uss\\\\n\\\\n DESCRIPTION\\\\n -----------\\\\n\\\\n   List USS files and subdirectories in a directory.\\\\n   The following values can be used with the --response-format-filter (--rff)\\\\n   argument todisplay more data from the data sets:name, size, owner, group, and\\\\n   permissions\\\\n\\\\n USAGE\\\\n -----\\\\n\\\\n   bright zos-ftp list uss-files <directory> [options]\\\\n\\\\n POSITIONAL ARGUMENTS\\\\n --------------------\\\\n\\\\n   directory\\\\t\\\\t (string)\\\\n\\\\n      The USS directory to list files in\\\\n\\\\n PROFILE OPTIONS\\\\n ---------------\\\\n\\\\n   --zftp-profile  | --zftp-p (string)\\\\n\\\\n      The name of a (zftp) profile to load for this command execution.\\\\n\\\\n RESPONSE FORMAT OPTIONS\\\\n -----------------------\\\\n\\\\n   --response-format-filter  | --rff (array)\\\\n\\\\n      Filter (include) fields in the response. Accepts an array of field/property\\\\n      names to include in the output response. You can filter JSON objects properties\\\\n      OR table columns/fields. In addition, you can use this option in conjunction\\\\n      with '--response-format-type' to reduce the output of a command to a single\\\\n      field/property or a list of a single field/property.\\\\n\\\\n   --response-format-type  | --rft (string)\\\\n\\\\n      The command response output format type. Must be one of the following:\\\\n\\\\n      table: Formats output data as a table. Use this option when the output data is\\\\n      an array of homogeneous JSON objects. Each property of the object will become a\\\\n      column in the table.\\\\n\\\\n      list: Formats output data as a list of strings. Can be used on any data type\\\\n      (JSON objects/arrays) are stringified and a new line is added after each entry\\\\n      in an array.\\\\n\\\\n      object: Formats output data as a list of prettified objects (or single object).\\\\n      Can be used in place of \\\\\\"table\\\\\\" to change from tabular output to a list of\\\\n      prettified objects.\\\\n\\\\n      string: Formats output data as a string. JSON objects/arrays are stringified.\\\\n\\\\n      Allowed values: table, list, object, string\\\\n\\\\n   --response-format-header  | --rfh (boolean)\\\\n\\\\n      If \\\\\\"--response-format-type table\\\\\\" is specified, include the column headers in\\\\n      the output.\\\\n\\\\n GLOBAL OPTIONS\\\\n --------------\\\\n\\\\n   --response-format-json  | --rfj (boolean)\\\\n\\\\n      Produce JSON formatted data from a command\\\\n\\\\n   --help  | -h (boolean)\\\\n\\\\n      Display help text\\\\n\\\\n\\\\n EXAMPLES\\\\n --------\\\\n\\\\n   - List USS files in the directory \\\\\\"/u/users/ibmuser/\\\\\\":\\\\n\\\\n      $ bright zos-ftp list uss-files \\\\\\"/u/users/ibmuser\\\\\\"\\\\n\\\\n   - List USS files in the directory \\\\\\"/u/users/ibmuser/\\\\\\" and\\\\n   show only the file name:\\\\n\\\\n      $ bright zos-ftp list uss-files \\\\\\"/u/users/ibmuser/\\\\\\" --rff name\\\\n\\\\n\\",
  \\"stderr\\": \\"\\",
  \\"data\\": \\"\\\\n COMMAND NAME\\\\n ------------\\\\n\\\\n   uss-files | uss\\\\n\\\\n DESCRIPTION\\\\n -----------\\\\n\\\\n   List USS files and subdirectories in a directory.\\\\n   The following values can be used with the --response-format-filter (--rff)\\\\n   argument todisplay more data from the data sets:name, size, owner, group, and\\\\n   permissions\\\\n\\\\n USAGE\\\\n -----\\\\n\\\\n   bright zos-ftp list uss-files <directory> [options]\\\\n\\\\n POSITIONAL ARGUMENTS\\\\n --------------------\\\\n\\\\n   directory\\\\t\\\\t (string)\\\\n\\\\n      The USS directory to list files in\\\\n\\\\n PROFILE OPTIONS\\\\n ---------------\\\\n\\\\n   --zftp-profile  | --zftp-p (string)\\\\n\\\\n      The name of a (zftp) profile to load for this command execution.\\\\n\\\\n RESPONSE FORMAT OPTIONS\\\\n -----------------------\\\\n\\\\n   --response-format-filter  | --rff (array)\\\\n\\\\n      Filter (include) fields in the response. Accepts an array of field/property\\\\n      names to include in the output response. You can filter JSON objects properties\\\\n      OR table columns/fields. In addition, you can use this option in conjunction\\\\n      with '--response-format-type' to reduce the output of a command to a single\\\\n      field/property or a list of a single field/property.\\\\n\\\\n   --response-format-type  | --rft (string)\\\\n\\\\n      The command response output format type. Must be one of the following:\\\\n\\\\n      table: Formats output data as a table. Use this option when the output data is\\\\n      an array of homogeneous JSON objects. Each property of the object will become a\\\\n      column in the table.\\\\n\\\\n      list: Formats output data as a list of strings. Can be used on any data type\\\\n      (JSON objects/arrays) are stringified and a new line is added after each entry\\\\n      in an array.\\\\n\\\\n      object: Formats output data as a list of prettified objects (or single object).\\\\n      Can be used in place of \\\\\\"table\\\\\\" to change from tabular output to a list of\\\\n      prettified objects.\\\\n\\\\n      string: Formats output data as a string. JSON objects/arrays are stringified.\\\\n\\\\n      Allowed values: table, list, object, string\\\\n\\\\n   --response-format-header  | --rfh (boolean)\\\\n\\\\n      If \\\\\\"--response-format-type table\\\\\\" is specified, include the column headers in\\\\n      the output.\\\\n\\\\n GLOBAL OPTIONS\\\\n --------------\\\\n\\\\n   --response-format-json  | --rfj (boolean)\\\\n\\\\n      Produce JSON formatted data from a command\\\\n\\\\n   --help  | -h (boolean)\\\\n\\\\n      Display help text\\\\n\\\\n\\\\n EXAMPLES\\\\n --------\\\\n\\\\n   - List USS files in the directory \\\\\\"/u/users/ibmuser/\\\\\\":\\\\n\\\\n      $ bright zos-ftp list uss-files \\\\\\"/u/users/ibmuser\\\\\\"\\\\n\\\\n   - List USS files in the directory \\\\\\"/u/users/ibmuser/\\\\\\" and\\\\n   show only the file name:\\\\n\\\\n      $ bright zos-ftp list uss-files \\\\\\"/u/users/ibmuser/\\\\\\" --rff name\\\\n\\\\n\\"
}"
`;
