// Jest Snapshot v1, https://goo.gl/fbAQLP

exports[`view all-spool-by-jobid command should display view all spool help 1`] = `
"================z/OS FTP VIEW ALL-SPOOL-BY-JOBID HELP===============

 COMMAND NAME
 ------------

   all-spool-by-jobid | asbj

 DESCRIPTION
 -----------

   View all spool content for a job by providing the job id

 USAGE
 -----

   bright zos-ftp view all-spool-by-jobid <jobid> [options]

 POSITIONAL ARGUMENTS
 --------------------

   jobid		 (string)

      The ID of the job for which you would like to list spool files

 PROFILE OPTIONS
 ---------------

   --zftp-profile  | --zftp-p (string)

      The name of a (zftp) profile to load for this command execution.

 GLOBAL OPTIONS
 --------------

   --response-format-json  | --rfj (boolean)

      Produce JSON formatted data from a command

   --help  | -h (boolean)

      Display help text


 EXAMPLES
 --------

   - View all spool content for the job with ID JOB00123
   (optionally abbreviating the job ID):

      $ bright zos-ftp view all-spool-by-jobid j123

================z/OS FTP VIEW ALL-SPOOL-BY-JOBID HELP WITH RFJ===========
{
  \\"success\\": true,
  \\"message\\": \\"The help was constructed for command: all-spool-by-jobid.\\",
  \\"stdout\\": \\"\\\\n COMMAND NAME\\\\n ------------\\\\n\\\\n   all-spool-by-jobid | asbj\\\\n\\\\n DESCRIPTION\\\\n -----------\\\\n\\\\n   View all spool content for a job by providing the job id\\\\n\\\\n USAGE\\\\n -----\\\\n\\\\n   bright zos-ftp view all-spool-by-jobid <jobid> [options]\\\\n\\\\n POSITIONAL ARGUMENTS\\\\n --------------------\\\\n\\\\n   jobid\\\\t\\\\t (string)\\\\n\\\\n      The ID of the job for which you would like to list spool files\\\\n\\\\n PROFILE OPTIONS\\\\n ---------------\\\\n\\\\n   --zftp-profile  | --zftp-p (string)\\\\n\\\\n      The name of a (zftp) profile to load for this command execution.\\\\n\\\\n GLOBAL OPTIONS\\\\n --------------\\\\n\\\\n   --response-format-json  | --rfj (boolean)\\\\n\\\\n      Produce JSON formatted data from a command\\\\n\\\\n   --help  | -h (boolean)\\\\n\\\\n      Display help text\\\\n\\\\n\\\\n EXAMPLES\\\\n --------\\\\n\\\\n   - View all spool content for the job with ID JOB00123\\\\n   (optionally abbreviating the job ID):\\\\n\\\\n      $ bright zos-ftp view all-spool-by-jobid j123\\\\n\\\\n\\",
  \\"stderr\\": \\"\\",
  \\"data\\": \\"\\\\n COMMAND NAME\\\\n ------------\\\\n\\\\n   all-spool-by-jobid | asbj\\\\n\\\\n DESCRIPTION\\\\n -----------\\\\n\\\\n   View all spool content for a job by providing the job id\\\\n\\\\n USAGE\\\\n -----\\\\n\\\\n   bright zos-ftp view all-spool-by-jobid <jobid> [options]\\\\n\\\\n POSITIONAL ARGUMENTS\\\\n --------------------\\\\n\\\\n   jobid\\\\t\\\\t (string)\\\\n\\\\n      The ID of the job for which you would like to list spool files\\\\n\\\\n PROFILE OPTIONS\\\\n ---------------\\\\n\\\\n   --zftp-profile  | --zftp-p (string)\\\\n\\\\n      The name of a (zftp) profile to load for this command execution.\\\\n\\\\n GLOBAL OPTIONS\\\\n --------------\\\\n\\\\n   --response-format-json  | --rfj (boolean)\\\\n\\\\n      Produce JSON formatted data from a command\\\\n\\\\n   --help  | -h (boolean)\\\\n\\\\n      Display help text\\\\n\\\\n\\\\n EXAMPLES\\\\n --------\\\\n\\\\n   - View all spool content for the job with ID JOB00123\\\\n   (optionally abbreviating the job ID):\\\\n\\\\n      $ bright zos-ftp view all-spool-by-jobid j123\\\\n\\\\n\\"
}"
`;
