// Jest Snapshot v1, https://goo.gl/fbAQLP

exports[`delete job command should display submit job from local file help 1`] = `
"================z/OS VIEW DELETE JOB HELP===============

 COMMAND NAME
 ------------

   job | j

 DESCRIPTION
 -----------

   Cancel a job and purge its output. Note: this command will not work to delete
   TSU or STC type jobs.

 USAGE
 -----

   bright zos-ftp delete job <jobid> [options]

 POSITIONAL ARGUMENTS
 --------------------

   jobid		 (string)

      The ID of the job that you would like to delete

 PROFILE OPTIONS
 ---------------

   --zftp-profile  | --zftp-p (string)

      The name of a (zftp) profile to load for this command execution.

 GLOBAL OPTIONS
 --------------

   --response-format-json  | --rfj (boolean)

      Produce JSON formatted data from a command

   --help  | -h (boolean)

      Display help text


 EXAMPLES
 --------

   - Cancel the job \\"JOB00123\\" and purge its output, optionally
   abbreviating the job ID:

      $ bright zos-ftp delete job j123

================z/OS FTP DELETE JOB HELP WITH RFJ===========
{
  \\"success\\": true,
  \\"message\\": \\"The help was constructed for command: local-file.\\",
  \\"stdout\\": \\"\\\\n COMMAND NAME\\\\n ------------\\\\n\\\\n   local-file | lf\\\\n\\\\n DESCRIPTION\\\\n -----------\\\\n\\\\n   Submit a job from a local file containing JCL\\\\n\\\\n USAGE\\\\n -----\\\\n\\\\n   bright zos-ftp submit local-file <file> [options]\\\\n\\\\n POSITIONAL ARGUMENTS\\\\n --------------------\\\\n\\\\n   file\\\\t\\\\t (local file path)\\\\n\\\\n      The file you would like to submit as jcl\\\\n\\\\n PROFILE OPTIONS\\\\n ---------------\\\\n\\\\n   --zftp-profile  | --zftp-p (string)\\\\n\\\\n      The name of a (zftp) profile to load for this command execution.\\\\n\\\\n RESPONSE FORMAT OPTIONS\\\\n -----------------------\\\\n\\\\n   --response-format-filter  | --rff (array)\\\\n\\\\n      Filter (include) fields in the response. Accepts an array of field/property\\\\n      names to include in the output response. You can filter JSON objects properties\\\\n      OR table columns/fields. In addition, you can use this option in conjunction\\\\n      with '--response-format-type' to reduce the output of a command to a single\\\\n      field/property or a list of a single field/property.\\\\n\\\\n   --response-format-type  | --rft (string)\\\\n\\\\n      The command response output format type. Must be one of the following:\\\\n\\\\n      table: Formats output data as a table. Use this option when the output data is\\\\n      an array of homogeneous JSON objects. Each property of the object will become a\\\\n      column in the table.\\\\n\\\\n      list: Formats output data as a list of strings. Can be used on any data type\\\\n      (JSON objects/arrays) are stringified and a new line is added after each entry\\\\n      in an array.\\\\n\\\\n      object: Formats output data as a list of prettified objects (or single object).\\\\n      Can be used in place of \\\\\\"table\\\\\\" to change from tabular output to a list of\\\\n      prettified objects.\\\\n\\\\n      string: Formats output data as a string. JSON objects/arrays are stringified.\\\\n\\\\n      Allowed values: table, list, object, string\\\\n\\\\n   --response-format-header  | --rfh (boolean)\\\\n\\\\n      If \\\\\\"--response-format-type table\\\\\\" is specified, include the column headers in\\\\n      the output.\\\\n\\\\n GLOBAL OPTIONS\\\\n --------------\\\\n\\\\n   --response-format-json  | --rfj (boolean)\\\\n\\\\n      Produce JSON formatted data from a command\\\\n\\\\n   --help  | -h (boolean)\\\\n\\\\n      Display help text\\\\n\\\\n\\\\n EXAMPLES\\\\n --------\\\\n\\\\n   - Submit a job from the local file \\\\\\"my_build_jcl.txt\\\\\\":\\\\n\\\\n      $ bright zos-ftp submit local-file \\\\\\"my_build_jcl.txt\\\\\\"\\\\n\\\\n   - Submit a job from the local file \\\\\\"my_build_jcl.txt\\\\\\" and\\\\n   print only the job ID:\\\\n\\\\n      $ bright zos-ftp submit local-file \\\\\\"my_build_jcl.txt\\\\\\" --rff jobid --rft string\\\\n\\\\n\\",
  \\"stderr\\": \\"\\",
  \\"data\\": \\"\\\\n COMMAND NAME\\\\n ------------\\\\n\\\\n   local-file | lf\\\\n\\\\n DESCRIPTION\\\\n -----------\\\\n\\\\n   Submit a job from a local file containing JCL\\\\n\\\\n USAGE\\\\n -----\\\\n\\\\n   bright zos-ftp submit local-file <file> [options]\\\\n\\\\n POSITIONAL ARGUMENTS\\\\n --------------------\\\\n\\\\n   file\\\\t\\\\t (local file path)\\\\n\\\\n      The file you would like to submit as jcl\\\\n\\\\n PROFILE OPTIONS\\\\n ---------------\\\\n\\\\n   --zftp-profile  | --zftp-p (string)\\\\n\\\\n      The name of a (zftp) profile to load for this command execution.\\\\n\\\\n RESPONSE FORMAT OPTIONS\\\\n -----------------------\\\\n\\\\n   --response-format-filter  | --rff (array)\\\\n\\\\n      Filter (include) fields in the response. Accepts an array of field/property\\\\n      names to include in the output response. You can filter JSON objects properties\\\\n      OR table columns/fields. In addition, you can use this option in conjunction\\\\n      with '--response-format-type' to reduce the output of a command to a single\\\\n      field/property or a list of a single field/property.\\\\n\\\\n   --response-format-type  | --rft (string)\\\\n\\\\n      The command response output format type. Must be one of the following:\\\\n\\\\n      table: Formats output data as a table. Use this option when the output data is\\\\n      an array of homogeneous JSON objects. Each property of the object will become a\\\\n      column in the table.\\\\n\\\\n      list: Formats output data as a list of strings. Can be used on any data type\\\\n      (JSON objects/arrays) are stringified and a new line is added after each entry\\\\n      in an array.\\\\n\\\\n      object: Formats output data as a list of prettified objects (or single object).\\\\n      Can be used in place of \\\\\\"table\\\\\\" to change from tabular output to a list of\\\\n      prettified objects.\\\\n\\\\n      string: Formats output data as a string. JSON objects/arrays are stringified.\\\\n\\\\n      Allowed values: table, list, object, string\\\\n\\\\n   --response-format-header  | --rfh (boolean)\\\\n\\\\n      If \\\\\\"--response-format-type table\\\\\\" is specified, include the column headers in\\\\n      the output.\\\\n\\\\n GLOBAL OPTIONS\\\\n --------------\\\\n\\\\n   --response-format-json  | --rfj (boolean)\\\\n\\\\n      Produce JSON formatted data from a command\\\\n\\\\n   --help  | -h (boolean)\\\\n\\\\n      Display help text\\\\n\\\\n\\\\n EXAMPLES\\\\n --------\\\\n\\\\n   - Submit a job from the local file \\\\\\"my_build_jcl.txt\\\\\\":\\\\n\\\\n      $ bright zos-ftp submit local-file \\\\\\"my_build_jcl.txt\\\\\\"\\\\n\\\\n   - Submit a job from the local file \\\\\\"my_build_jcl.txt\\\\\\" and\\\\n   print only the job ID:\\\\n\\\\n      $ bright zos-ftp submit local-file \\\\\\"my_build_jcl.txt\\\\\\" --rff jobid --rft string\\\\n\\\\n\\"
}"
`;
